// Jest Snapshot v1, https://goo.gl/fbAQLP

exports[`renders correctly 1`] = `
<li
  className="active"
>
  <a
    href="#home"
    id="home"
    onClick={[Function]}
  >
    Home
  </a>
</li>
`;
