// Jest Snapshot v1, https://goo.gl/fbAQLP

exports[`renders correctly 1`] = `
Array [
  <div
    className="main-content"
  >
    <div
      className="main-director-text"
    >
      <h2>
        Что такое Lorem Ipsum?
      </h2>
      <p>
        Lorem Ipsum - это текст-"рыба", часто используемый в печати и вэб-дизайне. Lorem Ipsum является стандартной "рыбой" для текстов на латинице с начала XVI века. В то время некий безымянный печатник создал большую коллекцию размеров и форм шрифтов, используя Lorem Ipsum для распечатки образцов. Lorem Ipsum не только успешно пережил без заметных изменений пять веков, но и перешагнул в электронный дизайн. Его популяризации в новое время послужили публикация листов Letraset с образцами Lorem Ipsum в 60-х годах и, в более недавнее время, программы электронной вёрстки типа Aldus PageMaker, в шаблонах которых используется Lorem Ipsum.
      </p>
    </div>
    <div
      className="main-director-info"
    >
      <h2>
        Александровская Лариса Помпеевна
      </h2>
      <img
        alt="Александровская Лариса Помпеевна"
        src="https://upload.wikimedia.org/wikipedia/commons/0/0c/%C5%81arysa_Aleksandro%C5%ADskaja._%D0%9B%D0%B0%D1%80%D1%8B%D1%81%D0%B0_%D0%90%D0%BB%D0%B5%D0%BA%D1%81%D0%B0%D0%BD%D0%B4%D1%80%D0%BE%D1%9E%D1%81%D0%BA%D0%B0%D1%8F_%281937%29.jpg"
      />
      <p>
        Белорусская советская оперная певица (сопрано), режиссёр, публицист и общественный деятель. Народная артистка СССР (1940)
      </p>
    </div>
  </div>,
  <div
    className="main-footer"
  >
    <h2>
      Команда разработчиков
    </h2>
    <div
      className="developer-container"
    >
      <div
        className="developer-item"
      >
        <img
          alt="a"
          src="img1"
        />
        <p>
          a
        </p>
      </div>
      <div
        className="developer-item"
      >
        <img
          alt="b"
          src="img2"
        />
        <p>
          b
        </p>
      </div>
    </div>
  </div>,
]
`;
