// Jest Snapshot v1, https://goo.gl/fbAQLP

exports[`renders correctly 1`] = `
<div
  className="developer-item"
>
  <img
    alt="dev"
    src="img"
  />
  <p>
    dev
  </p>
</div>
`;
